// Jest Snapshot v1, https://goo.gl/fbAQLP

exports[`WIP 1`] = `undefined`;
